Sending 'Hello' over the pipe
Received 'Hello' over the pipe
